
SQL*Plus: Release 10.2.0.1.0 - Production on Wed Apr 3 10:16:12 2024

Copyright (c) 1982, 2005, Oracle.  All rights reserved.

SQL> connect system
Enter password:
Connected.
SQL> desc flowers;
ERROR:
ORA-04043: object flowers does not exist


SQL> desc flower;
ERROR:
ORA-04043: object flower does not exist


SQL> create table flowers(fid int primary key,name varchar(20));

Table created.

SQL> insert into flowers(&fid,'&name');
Enter value for fid: 1
Enter value for name: jasmine
old   1: insert into flowers(&fid,'&name')
new   1: insert into flowers(1,'jasmine')
insert into flowers(1,'jasmine')
                    *
ERROR at line 1:
ORA-00928: missing SELECT keyword


SQL> insert into flowers values(&fid,'&name');
Enter value for fid: 1
Enter value for name: jasmine
old   1: insert into flowers values(&fid,'&name')
new   1: insert into flowers values(1,'jasmine')

1 row created.

SQL> /
Enter value for fid: 2
Enter value for name: rose
old   1: insert into flowers values(&fid,'&name')
new   1: insert into flowers values(2,'rose')

1 row created.

SQL> 3
SP2-0226: Invalid line number
SQL> /
Enter value for fid: 3
Enter value for name: lilly
old   1: insert into flowers values(&fid,'&name')
new   1: insert into flowers values(3,'lilly')

1 row created.

SQL> 4
SP2-0226: Invalid line number
SQL> /
Enter value for fid: 4
Enter value for name: sunflower
old   1: insert into flowers values(&fid,'&name')
new   1: insert into flowers values(4,'sunflower')

1 row created.

SQL> /
Enter value for fid: 5
Enter value for name: bouganville
old   1: insert into flowers values(&fid,'&name')
new   1: insert into flowers values(5,'bouganville')

1 row created.

SQL> select * from flowers;

       FID NAME
---------- --------------------
         1 jasmine
         2 rose
         3 lilly
         4 sunflower
         5 bouganville

SQL> commit;

Commit complete.

SQL> /

Commit complete.

SQL> insert into flowers values(&fid,'&name');
Enter value for fid: 6
Enter value for name: marigold
old   1: insert into flowers values(&fid,'&name')
new   1: insert into flowers values(6,'marigold')

1 row created.

SQL> /
Enter value for fid: 7
Enter value for name: vadamelli
old   1: insert into flowers values(&fid,'&name')
new   1: insert into flowers values(7,'vadamelli')

1 row created.

SQL> savepoint A;

Savepoint created.

SQL> insert into flowers values(&fid,'&name');
Enter value for fid: 8
Enter value for name: gerbera
old   1: insert into flowers values(&fid,'&name')
new   1: insert into flowers values(8,'gerbera')

1 row created.

SQL> /
Enter value for fid: 9
Enter value for name: balsam
old   1: insert into flowers values(&fid,'&name')
new   1: insert into flowers values(9,'balsam')

1 row created.

SQL> select * from flowers;

       FID NAME
---------- --------------------
         1 jasmine
         2 rose
         3 lilly
         4 sunflower
         5 bouganville
         6 marigold
         7 vadamelli
         8 gerbera
         9 balsam

9 rows selected.

SQL> rollback to savepoint A;

Rollback complete.

SQL> select * from flowers;

       FID NAME
---------- --------------------
         1 jasmine
         2 rose
         3 lilly
         4 sunflower
         5 bouganville
         6 marigold
         7 vadamelli

7 rows selected.

SQL> rollback;

Rollback complete.

SQL> select * from flowers;

       FID NAME
---------- --------------------
         1 jasmine
         2 rose
         3 lilly
         4 sunflower
         5 bouganville

SQL> sho user;
USER is "SYSTEM"
SQL> select * from all users;
select * from all users
              *
ERROR at line 1:
ORA-00903: invalid table name


SQL> select * from all-users;
select * from all-users
              *
ERROR at line 1:
ORA-00903: invalid table name


SQL> select * from all_users;

USERNAME                          USER_ID CREATED
------------------------------ ---------- ---------
FLOWS_020100                           35 07-FEB-06
FLOWS_FILES                            34 07-FEB-06
HR                                     33 07-FEB-06
MDSYS                                  32 07-FEB-06
ANONYMOUS                              28 07-FEB-06
XDB                                    27 07-FEB-06
CTXSYS                                 25 07-FEB-06
DBSNMP                                 23 07-FEB-06
TSMSYS                                 20 07-FEB-06
DIP                                    18 07-FEB-06
OUTLN                                  11 07-FEB-06

USERNAME                          USER_ID CREATED
------------------------------ ---------- ---------
SYSTEM                                  5 07-FEB-06
SYS                                     0 07-FEB-06

13 rows selected.

SQL> select * from tab;

TNAME                          TABTYPE  CLUSTERID
------------------------------ ------- ----------
SYSCATALOG                     SYNONYM
CATALOG                        SYNONYM
TAB                            SYNONYM
COL                            SYNONYM
TABQUOTAS                      SYNONYM
SYSFILES                       SYNONYM
PUBLICSYN                      SYNONYM
MVIEW$_ADV_WORKLOAD            TABLE
MVIEW$_ADV_BASETABLE           TABLE
MVIEW$_ADV_SQLDEPEND           TABLE
MVIEW$_ADV_PRETTY              TABLE

TNAME                          TABTYPE  CLUSTERID
------------------------------ ------- ----------
MVIEW$_ADV_TEMP                TABLE
MVIEW$_ADV_FILTER              TABLE
MVIEW$_ADV_LOG                 TABLE
MVIEW$_ADV_FILTERINSTANCE      TABLE
MVIEW$_ADV_LEVEL               TABLE
MVIEW$_ADV_ROLLUP              TABLE
MVIEW$_ADV_AJG                 TABLE
MVIEW$_ADV_FJG                 TABLE
MVIEW$_ADV_GC                  TABLE
MVIEW$_ADV_CLIQUE              TABLE
MVIEW$_ADV_ELIGIBLE            TABLE

TNAME                          TABTYPE  CLUSTERID
------------------------------ ------- ----------
MVIEW$_ADV_OUTPUT              TABLE
MVIEW$_ADV_EXCEPTIONS          TABLE
MVIEW$_ADV_PARAMETERS          TABLE
MVIEW$_ADV_INFO                TABLE
MVIEW$_ADV_JOURNAL             TABLE
MVIEW$_ADV_PLAN                TABLE
MVIEW_WORKLOAD                 VIEW
MVIEW_FILTER                   VIEW
MVIEW_LOG                      VIEW
MVIEW_FILTERINSTANCE           VIEW
MVIEW_RECOMMENDATIONS          VIEW

TNAME                          TABTYPE  CLUSTERID
------------------------------ ------- ----------
MVIEW_EVALUATIONS              VIEW
MVIEW_EXCEPTIONS               VIEW
AQ$_QUEUE_TABLES               TABLE
AQ$_QUEUES                     TABLE
AQ$_SCHEDULES                  TABLE
AQ$_INTERNET_AGENTS            TABLE
AQ$_INTERNET_AGENT_PRIVS       TABLE
DEF$_AQCALL                    TABLE
DEF$_AQERROR                   TABLE
AQ$_DEF$_AQCALL_F              VIEW
AQ$DEF$_AQCALL                 VIEW

TNAME                          TABTYPE  CLUSTERID
------------------------------ ------- ----------
DEF$_ERROR                     TABLE
AQ$_DEF$_AQERROR_F             VIEW
AQ$DEF$_AQERROR                VIEW
DEF$_DESTINATION               TABLE
DEF$_CALLDEST                  TABLE
DEF$_DEFAULTDEST               TABLE
DEF$_LOB                       TABLE
DEF$_TEMP$LOB                  TABLE
DEF$_PROPAGATOR                TABLE
DEF$_ORIGIN                    TABLE
DEF$_PUSHED_TRANSACTIONS       TABLE

TNAME                          TABTYPE  CLUSTERID
------------------------------ ------- ----------
OL$                            TABLE
OL$HINTS                       TABLE
OL$NODES                       TABLE
LOGMNR_SESSION_EVOLVE$         TABLE
LOGMNR_HEADER1$                TABLE
LOGMNR_HEADER2$                TABLE
LOGMNR_UID$                    TABLE
LOGMNRC_DBNAME_UID_MAP         TABLE
LOGMNR_DICTSTATE$              TABLE
LOGMNR_DICTIONARY$             TABLE
LOGMNR_OBJ$                    TABLE

TNAME                          TABTYPE  CLUSTERID
------------------------------ ------- ----------
LOGMNR_USER$                   TABLE
LOGMNRC_GTLO                   TABLE
LOGMNRC_GTCS                   TABLE
LOGMNRC_GSII                   TABLE
LOGMNR_TAB$                    TABLE
LOGMNR_COL$                    TABLE
LOGMNR_ATTRCOL$                TABLE
LOGMNR_TS$                     TABLE
LOGMNR_IND$                    TABLE
LOGMNR_TABPART$                TABLE
LOGMNR_TABSUBPART$             TABLE

TNAME                          TABTYPE  CLUSTERID
------------------------------ ------- ----------
LOGMNR_TABCOMPART$             TABLE
LOGMNR_TYPE$                   TABLE
LOGMNR_COLTYPE$                TABLE
LOGMNR_ATTRIBUTE$              TABLE
LOGMNR_LOB$                    TABLE
LOGMNR_CDEF$                   TABLE
LOGMNR_CCOL$                   TABLE
LOGMNR_ICOL$                   TABLE
LOGMNR_LOBFRAG$                TABLE
LOGMNR_INDPART$                TABLE
LOGMNR_INDSUBPART$             TABLE

TNAME                          TABTYPE  CLUSTERID
------------------------------ ------- ----------
LOGMNR_INDCOMPART$             TABLE
LOGMNRP_CTAS_PART_MAP          TABLE
LOGMNRT_MDDL$                  TABLE
LOGMNR_LOG$                    TABLE
LOGMNR_PROCESSED_LOG$          TABLE
LOGMNR_SPILL$                  TABLE
LOGMNR_AGE_SPILL$              TABLE
LOGMNR_RESTART_CKPT_TXINFO$    TABLE
LOGMNR_ERROR$                  TABLE
LOGMNR_RESTART_CKPT$           TABLE
LOGMNR_FILTER$                 TABLE

TNAME                          TABTYPE  CLUSTERID
------------------------------ ------- ----------
LOGMNR_PARAMETER$              TABLE
LOGMNR_SESSION$                TABLE
LOGSTDBY$PARAMETERS            TABLE
LOGSTDBY$EVENTS                TABLE
LOGSTDBY$APPLY_PROGRESS        TABLE
LOGSTDBY$APPLY_MILESTONE       TABLE
LOGSTDBY$SCN                   TABLE
LOGSTDBY$PLSQL                 TABLE
LOGSTDBY$SKIP_TRANSACTION      TABLE
LOGSTDBY$SKIP                  TABLE
LOGSTDBY$SKIP_SUPPORT          TABLE

TNAME                          TABTYPE  CLUSTERID
------------------------------ ------- ----------
LOGSTDBY$HISTORY               TABLE
REPCAT$_REPCAT                 TABLE
REPCAT$_FLAVORS                TABLE
REPCAT$_REPSCHEMA              TABLE
REPCAT$_SNAPGROUP              TABLE
REPCAT$_REPOBJECT              TABLE
REPCAT$_REPCOLUMN              TABLE
REPCAT$_KEY_COLUMNS            TABLE
REPCAT$_GENERATED              TABLE
REPCAT$_REPPROP                TABLE
REPCAT$_REPCATLOG              TABLE

TNAME                          TABTYPE  CLUSTERID
------------------------------ ------- ----------
REPCAT$_DDL                    TABLE
REPCAT$_REPGROUP_PRIVS         TABLE
REPCAT$_PRIORITY_GROUP         TABLE
REPCAT$_PRIORITY               TABLE
REPCAT$_COLUMN_GROUP           TABLE
REPCAT$_GROUPED_COLUMN         TABLE
REPCAT$_CONFLICT               TABLE
REPCAT$_RESOLUTION_METHOD      TABLE
REPCAT$_RESOLUTION             TABLE
REPCAT$_RESOLUTION_STATISTICS  TABLE
REPCAT$_RESOL_STATS_CONTROL    TABLE

TNAME                          TABTYPE  CLUSTERID
------------------------------ ------- ----------
REPCAT$_PARAMETER_COLUMN       TABLE
REPCAT$_AUDIT_ATTRIBUTE        TABLE
REPCAT$_AUDIT_COLUMN           TABLE
REPCAT$_FLAVOR_OBJECTS         TABLE
REPCAT$_TEMPLATE_STATUS        TABLE
REPCAT$_TEMPLATE_TYPES         TABLE
REPCAT$_REFRESH_TEMPLATES      TABLE
REPCAT$_USER_AUTHORIZATIONS    TABLE
REPCAT$_OBJECT_TYPES           TABLE
REPCAT$_TEMPLATE_REFGROUPS     TABLE
REPCAT$_TEMPLATE_OBJECTS       TABLE

TNAME                          TABTYPE  CLUSTERID
------------------------------ ------- ----------
REPCAT$_TEMPLATE_PARMS         TABLE
REPCAT$_OBJECT_PARMS           TABLE
REPCAT$_USER_PARM_VALUES       TABLE
REPCAT$_TEMPLATE_SITES         TABLE
REPCAT$_SITE_OBJECTS           TABLE
REPCAT$_RUNTIME_PARMS          TABLE
REPCAT$_TEMPLATE_TARGETS       TABLE
REPCAT$_EXCEPTIONS             TABLE
REPCAT$_INSTANTIATION_DDL      TABLE
REPCAT$_EXTENSION              TABLE
REPCAT$_SITES_NEW              TABLE

TNAME                          TABTYPE  CLUSTERID
------------------------------ ------- ----------
SAILORS                        TABLE
BOATS                          TABLE
RESERVES                       TABLE
FLOWERS                        TABLE
SQLPLUS_PRODUCT_PROFILE        TABLE
PRODUCT_PRIVS                  VIEW
PRODUCT_USER_PROFILE           SYNONYM
HELP                           TABLE
EMPLOYEE                       TABLE
PRODUCT                        TABLE
CATEGORY                       TABLE

TNAME                          TABTYPE  CLUSTERID
------------------------------ ------- ----------
CUSTOMER                       TABLE
DEPARTMENT                     TABLE

167 rows selected.

SQL> create user Nafii identified by qwerty;

User created.

SQL> grant resource,connect to Nafii;

Grant succeeded.

SQL>
SQL> connect Nafii;
Enter password:
Connected.
SQL> create table fruits(fid int primary key,fname varchar(10));

Table created.

SQL> insert into fruits(&fid,'&fname');
Enter value for fid: ;
Enter value for fname:
old   1: insert into fruits(&fid,'&fname')
new   1: insert into fruits(;,'')
insert into fruits(;,'')
                   *
ERROR at line 1:
ORA-00911: invalid character


SQL> insert into fruits values(&fid,'&fname');
Enter value for fid: 1
Enter value for fname: cherry
old   1: insert into fruits values(&fid,'&fname')
new   1: insert into fruits values(1,'cherry')

1 row created.

SQL> /
Enter value for fid: 2
Enter value for fname: apple
old   1: insert into fruits values(&fid,'&fname')
new   1: insert into fruits values(2,'apple')

1 row created.

SQL> select * from fruits;

       FID FNAME
---------- ----------
         1 cherry
         2 apple

SQL> connect system;
Enter password:
Connected.
SQL> grant dba to Nafii with admin option;

Grant succeeded.

SQL> connect Nafii;
Enter password:
Connected.
SQL> create user merin identified by merin;

User created.

SQL> grant resource,coonect to merin;
grant resource,coonect to merin
               *
ERROR at line 1:
ORA-01919: role 'COONECT' does not exist


SQL> grant resource,connect to merin;

Grant succeeded.

SQL> connect merin;
Enter password:
Connected.
SQL> select * from Nafii.fruits;l
  2
SQL> select * from Nafii.fruits;
select * from Nafii.fruits
                    *
ERROR at line 1:
ORA-00942: table or view does not exist


SQL> connect nafii;
Enter password:
Connected.
SQL> grant select,insert on fruits to merin with grant option;

Grant succeeded.

SQL> connect merin;
Enter password:
Connected.
SQL> select * from Nafii.fruits;

       FID FNAME
---------- ----------
         1 cherry
         2 apple

SQL> connect Nafii;
Enter password:
Connected.
SQL> revoke select on fruits from merin;

Revoke succeeded.

SQL> connect system;
Enter password:
Connected.
SQL> revoke dba from Nafii;

Revoke succeeded.
